Godot Engine v4.7.2.stable.official.ed1daf0bf - https://godotengine.org
OpenGL API 3.3.0 Core Profile Context 26.1.1.251211 - Compatibility - Using Device: ATI Technologies Inc. - Radeon RX 580 Series

🔥 BOOTSTRAPPER ЗАПУЩЕН (AutoLoad)
🟢 ПОКАЗЫВАЮ МЕНЮ
✅ Меню создано!
🟣 CLIENT НАЖАТ
🔴 Меню скрыто
🟣 _setup_network_client() ВЫЗВАН
✅ Клиент подключен к 127.0.0.1:25565
🔵 _start_gameplay() ВЫЗВАН
🟢 Путь спавнера: /root/MainBootstrapper/Main
✅ Карта загружена
🔗 Игрок подключился: 1
[09:36:23] [SYSTEM] Сетевой объект персонажа успешно инициализирован.
[09:36:23] [PLAYER] Игрок загружен. ID: 1, Камера: есть
[09:36:23] [PLAYER] Камера отключена для игрока 1
[09:36:23] [SYSTEM] Сетевой объект персонажа успешно инициализирован.
[09:36:23] [PLAYER] Игрок загружен. ID: 1152188136, Камера: есть
[09:36:23] [PLAYER] Камера активирована для игрока 1152188136
66)
🔗 Игрок подключился: 1152188136
🟢 РУЧНОЙ СПАВН ИГРОКА 1152188136
[09:36:23] [SYSTEM] Сетевой объект персонажа успешно инициализирован.
[09:36:23] [PLAYER] Игрок загружен. ID: 1152188136, Камера: есть
[09:36:23] [PLAYER] Камера отключена для игрока 1152188136
✅ Игрок 1152188136 добавлен в карту на позицию (500.0, 300.0)
[09:36:23] [PLAYER] Игрок 1152188136 переместился на (500.0, 300.0)
[09:36:24] [PLAYER] Игрок 1 переместился на (612.1749, 350.6066)
[09:36:25] [PLAYER] Игрок 1152188136 переместился на (563.5651, 303.1262)
[09:36:26] [PLAYER] Игрок 1152188136 переместился на (666.4833, 291.4557)
[09:36:27] [PLAYER] Игрок 1152188136 переместился на (668.4493, 392.033)
[09:36:28] [PLAYER] Игрок 1152188136 переместился на (569.3072, 416.1751)
[09:36:28] [PLAYER] Игрок 1152188136 переместился на (503.0941, 339.962)
[09:36:29] [PLAYER] Игрок 1152188136 переместился на (585.5203, 277.5357)
[09:36:29] [PLAYER] Игрок 1152188136 переместился на (690.5203, 277.5357)
[09:36:29] [PLAYER] Игрок 1152188136 переместился на (774.0558, 336.0712)
[09:36:30] [PLAYER] Игрок 1152188136 переместился на (766.9848, 438.1423)
[09:36:30] [PLAYER] Игрок 1152188136 переместился на (661.9848, 438.1423)
[09:36:30] [PLAYER] Игрок 1152188136 переместился на (556.9848, 438.1423)
[09:36:31] [PLAYER] Игрок 1152188136 переместился на (493.4493, 359.6068)
[09:36:33] [PLAYER] Игрок 1152188136 переместился на (576.6364, 298.3932)
[09:36:34] [PLAYER] Игрок 1152188136 переместился на (673.9297, 324.6003)
[09:36:34] [PLAYER] Игрок 1152188136 переместился на (681.0007, 426.6713)
[09:36:34] [PLAYER] Игрок 1152188136 переместился на (638.5745, 519.0976)
[09:36:35] [PLAYER] Игрок 1152188136 переместился на (535.8969, 536.7752)
[09:36:35] [PLAYER] Игрок 1152188136 переместился на (485.2903, 446.1686)
[09:36:35] [PLAYER] Игрок 1152188136 переместился на (545.3942, 366.0648)
[09:36:36] [PLAYER] Игрок 1152188136 переместился на (599.4861, 280.5296)
[09:36:36] [PLAYER] Игрок 1152188136 переместился на (674.3065, 347.9031)
[09:36:37] [PLAYER] Игрок 1152188136 переместился на (612.9455, 427.6788)
[09:36:37] [PLAYER] Игрок 1 переместился на (613.3395, 350.8019)
[09:36:39] [PLAYER] Игрок 1152188136 переместился на (652.1196, 424.3764)
[09:36:39] [PLAYER] Игрок 1 переместился на (686.2145, 367.1593)
[09:36:40] [PLAYER] Игрок 1152188136 переместился на (588.1719, 343.3666)
[09:36:40] [PLAYER] Игрок 1152188136 переместился на (612.9205, 243.6179)
[09:36:41] [PLAYER] Игрок 1152188136 переместился на (711.2047, 215.3336)
[09:36:41] [PLAYER] Игрок 1 переместился на (707.4108, 372.7288)
🔌 Игрок отключился: 1152188136
