Godot Engine v4.7.2.stable.official.ed1daf0bf - https://godotengine.org
OpenGL API 3.3.0 Core Profile Context 26.1.1.251211 - Compatibility - Using Device: ATI Technologies Inc. - Radeon RX 580 Series

🔥 BOOTSTRAPPER ЗАПУЩЕН (AutoLoad)
🟢 ПОКАЗЫВАЮ МЕНЮ
✅ Меню создано!
🟣 CLIENT НАЖАТ
🔴 Меню скрыто
🟣 _setup_network_client() ВЫЗВАН
✅ Клиент подключен к 127.0.0.1:25565
🔵 _start_gameplay() ВЫЗВАН
🟢 Путь спавнера: /root/MainBootstrapper/Main
✅ Карта загружена
🔗 Игрок подключился: 1
[12:47:41] [SYSTEM] Сетевой объект персонажа успешно инициализирован.
[12:47:41] [PLAYER] Игрок загружен. ID: 1, Камера: есть
[12:47:41] [PLAYER] Камера отключена для игрока 1
[12:47:41] [SYSTEM] Сетевой объект персонажа успешно инициализирован.
[12:47:41] [PLAYER] Игрок загружен. ID: 242549116, Камера: есть
[12:47:41] [PLAYER] Камера активирована для игрока 242549116
[12:47:41] [PLAYER] Игрок 242549116 атакует!
[12:47:41] [PLAYER] Игрок 242549116 атакует!
[12:47:41] [PLAYER] Игрок 242549116 атакует!
[12:47:41] [PLAYER] Игрок 242549116 атакует!
[12:47:41] [PLAYER] Игрок 242549116 атакует!
[12:47:41] [PLAYER] Игрок 242549116 атакует!
[12:47:41] [PLAYER] Игрок 242549116 атакует!
[12:47:41] [PLAYER] Игрок 242549116 атакует!
[12:47:41] [PLAYER] Игрок 242549116 атакует!
[12:47:41] [PLAYER] Игрок 242549116 атакует!
[12:47:41] [PLAYER] Игрок 242549116 атакует!
[12:47:41] [PLAYER] Игрок 242549116 атакует!
[12:47:41] [PLAYER] Игрок 242549116 атакует!
[12:47:41] [PLAYER] Игрок 242549116 атакует!
[12:47:41] [PLAYER] Игрок 242549116 атакует!
[12:47:41] [PLAYER] Игрок 242549116 атакует!
[12:47:41] [PLAYER] Игрок 242549116 атакует!
[12:47:41] [PLAYER] Игрок 242549116 атакует!
[12:47:41] [PLAYER] Игрок 242549116 атакует!
[12:47:48] [PLAYER] Игрок 242549116 атакует!
[12:47:48] [PLAYER] Игрок 242549116 атакует!
[12:47:48] [PLAYER] Игрок 242549116 атакует!
[12:47:49] [PLAYER] Игрок 242549116 атакует!
[12:47:49] [PLAYER] Игрок 242549116 атакует!
[12:47:49] [PLAYER] Игрок 242549116 атакует!
[12:47:49] [PLAYER] Игрок 242549116 атакует!
[12:47:49] [PLAYER] Игрок 242549116 атакует!
[12:47:49] [PLAYER] Игрок 242549116 атакует!
[12:47:50] [PLAYER] Игрок 242549116 атакует!
[12:47:50] [PLAYER] Игрок 242549116 атакует!
[12:47:50] [PLAYER] Игрок 242549116 атакует!
[12:47:50] [PLAYER] Игрок 242549116 атакует!
[12:47:50] [PLAYER] Игрок 242549116 атакует!
[12:47:50] [PLAYER] Игрок 242549116 атакует!
[12:47:50] [PLAYER] Игрок 242549116 атакует!
[12:47:50] [PLAYER] Игрок 242549116 атакует!
[12:47:50] [PLAYER] Игрок 242549116 атакует!
[12:47:50] [PLAYER] Игрок 242549116 атакует!
[12:47:50] [PLAYER] Игрок 242549116 атакует!
[12:47:50] [PLAYER] Игрок 242549116 атакует!
[12:47:50] [PLAYER] Игрок 242549116 атакует!
[12:47:50] [PLAYER] Игрок 242549116 атакует!
[12:47:50] [PLAYER] Игрок 242549116 атакует!
[12:47:50] [PLAYER] Игрок 242549116 атакует!
[12:47:50] [PLAYER] Игрок 242549116 атакует!
[12:47:50] [PLAYER] Игрок 242549116 атакует!
[12:47:50] [PLAYER] Игрок 242549116 атакует!
[12:47:50] [PLAYER] Игрок 242549116 атакует!
[12:47:50] [PLAYER] Игрок 242549116 атакует!
[12:47:50] [PLAYER] Игрок 242549116 атакует!
[12:47:50] [PLAYER] Игрок 242549116 атакует!
[12:47:51] [PLAYER] Игрок 242549116 атакует!
[12:47:51] [PLAYER] Игрок 242549116 атакует!
[12:47:51] [PLAYER] Игрок 242549116 атакует!
[12:47:51] [PLAYER] Игрок 242549116 атакует!
[12:47:51] [PLAYER] Игрок 242549116 атакует!
[12:47:51] [PLAYER] Игрок 242549116 атакует!
[12:47:51] [PLAYER] Игрок 242549116 атакует!
[12:47:51] [PLAYER] Игрок 242549116 атакует!
[12:47:51] [PLAYER] Игрок 242549116 атакует!
[12:47:51] [PLAYER] Игрок 242549116 атакует!
[12:47:51] [PLAYER] Игрок 242549116 атакует!
[12:47:51] [PLAYER] Игрок 242549116 атакует!
[12:47:51] [PLAYER] Игрок 242549116 атакует!
[12:47:51] [PLAYER] Игрок 242549116 атакует!
.7815, 412.4263)
[12:47:51] [PLAYER] Игрок 242549116 переместился на (830.7104, 369.1421)
🔌 Игрок отключился: 242549116
[12:47:53] [PLAYER] Игрок 242549116 переместился на (855.7104, 369.1421)
