Godot Engine v4.7.2.stable.official.ed1daf0bf - https://godotengine.org
OpenGL API 3.3.0 Core Profile Context 26.1.1.251211 - Compatibility - Using Device: ATI Technologies Inc. - Radeon RX 580 Series

🔥 BOOTSTRAPPER ЗАПУЩЕН (AutoLoad)
🟢 ПОКАЗЫВАЮ МЕНЮ
✅ Меню создано!
🟣 HOST НАЖАТ
🔴 Меню скрыто
🟣 _setup_network_server() ВЫЗВАН
✅ Сервер создан на порту 25565
🔵 _start_gameplay() ВЫЗВАН
🟢 Путь спавнера: /root/MainBootstrapper/Main
✅ Карта загружена
🟢 СПАВН ИГРОКА ДЛЯ ХОСТА
🟢 РУЧНОЙ СПАВН ИГРОКА 1
[13:20:46] [SYSTEM] Сетевой объект персонажа успешно инициализирован.
[13:20:46] [PLAYER] Игрок загружен. ID: 1, Камера: есть
[13:20:46] [PLAYER] Камера активирована для игрока 1
✅ Игрок 1 добавлен в карту на позицию (500.0, 300.0)
[13:20:46] [PLAYER] Игрок 1 переместился на (500.0, 300.0)
[13:20:46] [PLAYER] Игрок 1 атакует!
[13:20:46] [PLAYER] Игрок 1 атакует!
[13:20:46] [PLAYER] Игрок 1 атакует!
[13:20:46] [PLAYER] Игрок 1 атакует!
[13:20:46] [PLAYER] Игрок 1 атакует!
[13:20:46] [PLAYER] Игрок 1 атакует!
[13:20:46] [PLAYER] Игрок 1 атакует!
[13:20:46] [PLAYER] Игрок 1 атакует!
[13:20:46] [PLAYER] Игрок 1 атакует!
[13:20:46] [PLAYER] Игрок 1 атакует!
[13:20:46] [PLAYER] Игрок 1 атакует!
[13:20:46] [PLAYER] Игрок 1 атакует!
[13:20:46] [PLAYER] Игрок 1 атакует!
[13:20:46] [PLAYER] Игрок 1 атакует!
[13:20:46] [PLAYER] Игрок 1 переместился на (521.2131, 401.2131)
[13:20:46] [PLAYER] Игрок 1 атакует!
[13:20:46] [PLAYER] Игрок 1 атакует!
[13:20:46] [PLAYER] Игрок 1 атакует!
[13:20:46] [PLAYER] Игрок 1 атакует!
[13:20:46] [PLAYER] Игрок 1 атакует!
[13:20:47] [PLAYER] Игрок 1 атакует!
[13:20:47] [PLAYER] Игрок 1 атакует!
[13:20:47] [PLAYER] Игрок 1 атакует!
